asset_ref,taxonomy,lon,lat,structural~no_damage_mean,structural~no_damage_stdv,structural~slight_mean,structural~slight_stdv,structural~moderate_mean,structural~moderate_stdv,structural~extreme_mean,structural~extreme_stdv,structural~complete_mean,structural~complete_stdv
a2925,"A",81.96382,27.96117,1.300000E+02,0.000000E+00,0.000000E+00,0.000000E+00,0.000000E+00,0.000000E+00,0.000000E+00,0.000000E+00,0.000000E+00,0.000000E+00
a3518,"A",81.96382,28.56117,5.930000E+02,0.000000E+00,0.000000E+00,0.000000E+00,0.000000E+00,0.000000E+00,0.000000E+00,0.000000E+00,0.000000E+00,0.000000E+00
a2544,"A",82.78882,29.46117,2.900000E+01,0.000000E+00,0.000000E+00,0.000000E+00,0.000000E+00,0.000000E+00,0.000000E+00,0.000000E+00,0.000000E+00,0.000000E+00
a4102,"A",83.23882,28.11117,9.801288E+02,5.249410E+02,1.539843E+02,7.845968E+01,2.789557E+02,1.426104E+02,2.039870E+02,1.156629E+02,2.629442E+02,2.380217E+02
a125,"W",83.46382,28.93617,3.208127E+00,1.800320E-01,4.687886E-01,1.065790E-01,2.581505E-01,5.869044E-02,5.384734E-02,1.224218E-02,1.108622E-02,2.520449E-03
a4498,"DS",83.91382,29.31117,7.928596E-01,1.148616E-01,4.339792E-02,2.406461E-02,7.140651E-02,3.959566E-02,4.678358E-02,2.594199E-02,4.555243E-02,2.525930E-02
a8309,"UFB",85.26382,27.36117,1.880631E+02,1.355572E+02,1.288418E+02,4.072598E+01,1.567253E+02,3.093907E+01,1.026129E+02,3.402412E+01,1.387569E+02,1.062397E+02
