# imt=PGA,investigation_time=1.0,lon=0.0,lat=0.0,poe=0.0140847,iml=1.0000000e-01
Mag,poe
5.05000E+00,1.76068E-03
5.15000E+00,1.56656E-03
5.25000E+00,1.57646E-03
5.35000E+00,1.38299E-03
5.45000E+00,1.21251E-03
5.55000E+00,1.06271E-03
5.65000E+00,9.31193E-04
5.75000E+00,8.84536E-04
5.85000E+00,7.69805E-04
5.95000E+00,6.59169E-04
6.05000E+00,6.10676E-04
6.15000E+00,5.27505E-04
6.25000E+00,4.55142E-04
6.35000E+00,4.12505E-04
6.45000E+00,3.64197E-04
